Component: Arm Compiler for Embedded 6.18 Tool: armlink [5e4cc100]

==============================================================================

Section Cross References

    main.o(.text) refers (Special) to leds.o(.text) for LED4_ON
    main.o(.text) refers (Special) to moteur.o(.text) for MOTEUR_DROIT_ARRIERE
    main.o(.text) refers to bumpers.o(.text) for BUMPERS_INIT
    main.o(.text) refers to switch.o(.text) for SWITCH_INIT
    startup_armcm3.o(RESET) refers to startup_armcm3.o(STACK) for __initial_sp
    startup_armcm3.o(RESET) refers to startup_armcm3.o(.text) for Reset_Handler
    startup_armcm3.o(.text) refers to system_armcm3.o(.text.SystemInit) for SystemInit
    startup_armcm3.o(.text) refers to main.o(.text) for __main
    system_armcm3.o(.text.SystemCoreClockUpdate) refers to system_armcm3.o(.data.SystemCoreClock) for SystemCoreClock
    system_armcm3.o(.ARM.exidx.text.SystemCoreClockUpdate) refers to system_armcm3.o(.text.SystemCoreClockUpdate) for [Anonymous Symbol]
    system_armcm3.o(.text.SystemInit) refers to startup_armcm3.o(RESET) for __Vectors
    system_armcm3.o(.text.SystemInit) refers to system_armcm3.o(.data.SystemCoreClock) for SystemCoreClock
    system_armcm3.o(.ARM.exidx.text.SystemInit) refers to system_armcm3.o(.text.SystemInit) for [Anonymous Symbol]


==============================================================================

Removing Unused input sections from the image.

    Removing startup_armcm3.o(HEAP), (3072 bytes).
    Removing system_armcm3.o(.text), (0 bytes).
    Removing system_armcm3.o(.text.SystemCoreClockUpdate), (20 bytes).
    Removing system_armcm3.o(.ARM.exidx.text.SystemCoreClockUpdate), (8 bytes).
    Removing system_armcm3.o(.ARM.exidx.text.SystemInit), (8 bytes).

5 unused section(s) (total 3108 bytes) removed from the image.

==============================================================================

Image Symbol Table

    Local Symbols

    Symbol Name                              Value     Ov Type        Size  Object(Section)

    RTE/Device/ARMCM3/startup_ARMCM3.s       0x00000000   Number         0  startup_armcm3.o ABSOLUTE
    src/Bumpers.s                            0x00000000   Number         0  bumpers.o ABSOLUTE
    src/Leds.s                               0x00000000   Number         0  leds.o ABSOLUTE
    src/Main.s                               0x00000000   Number         0  main.o ABSOLUTE
    src/Moteur.s                             0x00000000   Number         0  moteur.o ABSOLUTE
    src/Switch.s                             0x00000000   Number         0  switch.o ABSOLUTE
    system_ARMCM3.c                          0x00000000   Number         0  system_armcm3.o ABSOLUTE
    RESET                                    0x00000000   Section      960  startup_armcm3.o(RESET)
    .text                                    0x000003c0   Section       80  bumpers.o(.text)
    .text                                    0x00000410   Section      152  leds.o(.text)
    .text                                    0x000004a8   Section      540  moteur.o(.text)
    .text                                    0x000006c4   Section      200  main.o(.text)
    .text                                    0x0000078c   Section      116  switch.o(.text)
    .text                                    0x00000800   Section       56  startup_armcm3.o(.text)
    [Anonymous Symbol]                       0x00000838   Section        0  system_armcm3.o(.text.SystemInit)
    STACK                                    0x20000008   Section     1024  startup_armcm3.o(STACK)

    Global Symbols

    Symbol Name                              Value     Ov Type        Size  Object(Section)

    BuildAttributes$$THM_ISAv4$P$D$K$B$S$PE$A:L22UL41UL21$X:L11$S22US41US21$IEEE1$IW$~IW$USESV6$~STKCKD$USESV7$~SHL$OSPACE$EBA8$MICROLIB$REQ8$PRES8$EABIv2 0x00000000   Number         0  anon$$obj.o ABSOLUTE
    __Vectors                                0x00000000   Data           4  startup_armcm3.o(RESET)
    BUMPERS_INIT                             0x000003c1   Thumb Code     0  bumpers.o(.text)
    __Vectors_End                            0x000003c0   Data           0  startup_armcm3.o(RESET)
    __Vectors_Size                           0x000003c0   Number         0  startup_armcm3.o ABSOLUTE
    READ_BUMPERS                             0x000003f3   Thumb Code     0  bumpers.o(.text)
    LEDS_INIT                                0x00000411   Thumb Code     0  leds.o(.text)
    LEDS_ON                                  0x00000459   Thumb Code     0  leds.o(.text)
    LEDS_OFF                                 0x00000467   Thumb Code     0  leds.o(.text)
    LED4_ON                                  0x00000475   Thumb Code     0  leds.o(.text)
    LED5_ON                                  0x00000483   Thumb Code     0  leds.o(.text)
    MOTEUR_INIT                              0x000004a9   Thumb Code     0  moteur.o(.text)
    MOTEUR_DROIT_ON                          0x000005ad   Thumb Code     0  moteur.o(.text)
    MOTEUR_DROIT_OFF                         0x000005b9   Thumb Code     0  moteur.o(.text)
    MOTEUR_GAUCHE_ON                         0x000005c5   Thumb Code     0  moteur.o(.text)
    MOTEUR_GAUCHE_OFF                        0x000005d1   Thumb Code     0  moteur.o(.text)
    MOTEUR_DROIT_ARRIERE                     0x000005dd   Thumb Code     0  moteur.o(.text)
    MOTEUR_DROIT_AVANT                       0x000005e7   Thumb Code     0  moteur.o(.text)
    MOTEUR_GAUCHE_ARRIERE                    0x000005f1   Thumb Code     0  moteur.o(.text)
    MOTEUR_GAUCHE_AVANT                      0x000005fb   Thumb Code     0  moteur.o(.text)
    MOTEUR_DROIT_INVERSE                     0x00000605   Thumb Code     0  moteur.o(.text)
    MOTEUR_GAUCHE_INVERSE                    0x00000611   Thumb Code     0  moteur.o(.text)
    MOTEUR_MAX_SPEED                         0x0000061d   Thumb Code     0  moteur.o(.text)
    MOTEUR_MIN_SPEED                         0x0000062f   Thumb Code     0  moteur.o(.text)
    MOTEUR_NORMAL_SPEED                      0x00000641   Thumb Code     0  moteur.o(.text)
    __main                                   0x000006c5   Thumb Code     0  main.o(.text)
    SWITCH_INIT                              0x0000078d   Thumb Code     0  switch.o(.text)
    READ_SWITCH1                             0x000007cd   Thumb Code     0  switch.o(.text)
    READ_SWITCH2                             0x000007db   Thumb Code     0  switch.o(.text)
    Reset_Handler                            0x00000801   Thumb Code     8  startup_armcm3.o(.text)
    HardFault_Handler                        0x00000809   Thumb Code     2  startup_armcm3.o(.text)
    NMI_Handler                              0x0000080b   Thumb Code     2  startup_armcm3.o(.text)
    MemManage_Handler                        0x0000080d   Thumb Code     2  startup_armcm3.o(.text)
    BusFault_Handler                         0x0000080f   Thumb Code     2  startup_armcm3.o(.text)
    UsageFault_Handler                       0x00000811   Thumb Code     2  startup_armcm3.o(.text)
    SVC_Handler                              0x00000813   Thumb Code     2  startup_armcm3.o(.text)
    DebugMon_Handler                         0x00000815   Thumb Code     2  startup_armcm3.o(.text)
    PendSV_Handler                           0x00000817   Thumb Code     2  startup_armcm3.o(.text)
    SysTick_Handler                          0x00000819   Thumb Code     2  startup_armcm3.o(.text)
    Interrupt0_Handler                       0x0000081b   Thumb Code     2  startup_armcm3.o(.text)
    Interrupt1_Handler                       0x0000081d   Thumb Code     2  startup_armcm3.o(.text)
    Interrupt2_Handler                       0x0000081f   Thumb Code     2  startup_armcm3.o(.text)
    Interrupt3_Handler                       0x00000821   Thumb Code     2  startup_armcm3.o(.text)
    Interrupt4_Handler                       0x00000823   Thumb Code     2  startup_armcm3.o(.text)
    Interrupt5_Handler                       0x00000825   Thumb Code     2  startup_armcm3.o(.text)
    Interrupt6_Handler                       0x00000827   Thumb Code     2  startup_armcm3.o(.text)
    Interrupt7_Handler                       0x00000829   Thumb Code     2  startup_armcm3.o(.text)
    Interrupt8_Handler                       0x0000082b   Thumb Code     2  startup_armcm3.o(.text)
    Interrupt9_Handler                       0x0000082d   Thumb Code     2  startup_armcm3.o(.text)
    SystemInit                               0x00000839   Thumb Code    38  system_armcm3.o(.text.SystemInit)
    SystemCoreClock                          0x20000000   Data           4  system_armcm3.o(.data.SystemCoreClock)
    __stack_limit                            0x20000008   Data           0  startup_armcm3.o(STACK)
    __initial_sp                             0x20000408   Data           0  startup_armcm3.o(STACK)



==============================================================================

Memory Map of the image

  Image Entry point : 0x00000801

  Load Region LR_1 (Base: 0x00000000, Size: 0x00000864, Max: 0xffffffff, ABSOLUTE)

    Execution Region ER_RO (Exec base: 0x00000000, Load base: 0x00000000, Size: 0x00000860, Max: 0xffffffff, ABSOLUTE)

    Exec Addr    Load Addr    Size         Type   Attr      Idx    E Section Name        Object

    0x00000000   0x00000000   0x000003c0   Data   RO           20    RESET               startup_armcm3.o
    0x000003c0   0x000003c0   0x00000050   Code   RO            1  * .text               bumpers.o
    0x00000410   0x00000410   0x00000098   Code   RO            6  * .text               leds.o
    0x000004a8   0x000004a8   0x0000021c   Code   RO            9  * .text               moteur.o
    0x000006c4   0x000006c4   0x000000c8   Code   RO           12  * .text               main.o
    0x0000078c   0x0000078c   0x00000074   Code   RO           15    .text               switch.o
    0x00000800   0x00000800   0x00000038   Code   RO           21  * .text               startup_armcm3.o
    0x00000838   0x00000838   0x00000026   Code   RO           28    .text.SystemInit    system_armcm3.o


    Execution Region ER_RW (Exec base: 0x20000000, Load base: 0x00000860, Size: 0x00000004, Max: 0xffffffff, ABSOLUTE)

    Exec Addr    Load Addr    Size         Type   Attr      Idx    E Section Name        Object

    0x20000000   0x00000860   0x00000004   Data   RW           30    .data.SystemCoreClock  system_armcm3.o


    Execution Region ER_ZI (Exec base: 0x20000008, Load base: 0x00000864, Size: 0x00000400, Max: 0xffffffff, ABSOLUTE)

    Exec Addr    Load Addr    Size         Type   Attr      Idx    E Section Name        Object

    0x20000008        -       0x00000400   Zero   RW           18    STACK               startup_armcm3.o


==============================================================================

Image component sizes


      Code (inc. data)   RO Data    RW Data    ZI Data      Debug   Object Name

        80         16          0          0          0        240   bumpers.o
       152         20          0          0          0        220   leds.o
       200          8          0          0          0        244   main.o
       540        112          0          0          0        360   moteur.o
        56         10        960          0       1024       1140   startup_armcm3.o
       116         20          0          0          0        212   switch.o
        38          0          0          4          0       1338   system_armcm3.o

    ----------------------------------------------------------------------
      1184        186        960          4       1024       3754   Object Totals
         0          0          0          0          0          0   (incl. Generated)
         2          0          0          0          0          0   (incl. Padding)

    ----------------------------------------------------------------------
         0          0          0          0          0          0   Library Totals
         0          0          0          0          0          0   (incl. Padding)

    ----------------------------------------------------------------------

==============================================================================


      Code (inc. data)   RO Data    RW Data    ZI Data      Debug   

      1184        186        960          4       1024       3754   Grand Totals
      1184        186        960          4       1024       3754   ELF Image Totals
      1184        186        960          4          0          0   ROM Totals

==============================================================================

    Total RO  Size (Code + RO Data)                 2144 (   2.09kB)
    Total RW  Size (RW Data + ZI Data)              1028 (   1.00kB)
    Total ROM Size (Code + RO Data + RW Data)       2148 (   2.10kB)

==============================================================================

